Info: Starting: Create block symbol file (.bsf)
Info: qsys-generate /homes/user/stud/spring24/shw2139/pitch-perfect/hardware/hw/soc_system.qsys --block-symbol-file --output-directory=/homes/user/stud/spring24/shw2139/pitch-perfect/hardware/hw/soc_system --family="Cyclone V" --part=5CSEMA5F31C6
Progress: Loading hw/soc_system.qsys
Progress: Reading input file
Progress: Adding audio_0 [altera_up_avalon_audio 18.0]
Progress: Parameterizing module audio_0
Progress: Adding audio_and_video_config_0 [altera_up_avalon_audio_and_video_config 18.0]
Progress: Parameterizing module audio_and_video_config_0
Progress: Adding audio_piper_0 [audio_piper 1.0]
Progress: Parameterizing module audio_piper_0
Progress: Adding audio_pll_0 [altera_up_avalon_audio_pll 18.0]
Progress: Parameterizing module audio_pll_0
Progress: Adding clk_0 [clock_source 21.1]
Progress: Parameterizing module clk_0
Progress: Adding hps_0 [altera_hps 21.1]
Progress: Parameterizing module hps_0
Progress: Adding vga_ball_0 [vga_ball 1.0]
Progress: Parameterizing module vga_ball_0
Progress: Building connections
Progress: Parameterizing connections
Progress: Validating
Progress: Done reading input file
Info: soc_system.hps_0: HPS Main PLL counter settings: n = 0  m = 73
Info: soc_system.hps_0: HPS peripherial PLL counter settings: n = 0  m = 39
Warning: soc_system.audio_0.avalon_right_channel_source: audio_0.avalon_right_channel_source must be connected to an Avalon-ST sink
Warning: soc_system.audio_0: audio_0.external_interface must be exported, or connected to a matching conduit.
Warning: soc_system.audio_and_video_config_0: audio_and_video_config_0.external_interface must be exported, or connected to a matching conduit.
Warning: soc_system.audio_and_video_config_0: audio_and_video_config_0.avalon_av_config_slave must be connected to an Avalon-MM master
Info: qsys-generate succeeded.
Info: Finished: Create block symbol file (.bsf)
Info: 
Info: Starting: Create HDL design files for synthesis
Info: qsys-generate /homes/user/stud/spring24/shw2139/pitch-perfect/hardware/hw/soc_system.qsys --synthesis=VERILOG --output-directory=/homes/user/stud/spring24/shw2139/pitch-perfect/hardware/hw/soc_system/synthesis --family="Cyclone V" --part=5CSEMA5F31C6
Progress: Loading hw/soc_system.qsys
Progress: Reading input file
Progress: Adding audio_0 [altera_up_avalon_audio 18.0]
Progress: Parameterizing module audio_0
Progress: Adding audio_and_video_config_0 [altera_up_avalon_audio_and_video_config 18.0]
Progress: Parameterizing module audio_and_video_config_0
Progress: Adding audio_piper_0 [audio_piper 1.0]
Progress: Parameterizing module audio_piper_0
Progress: Adding audio_pll_0 [altera_up_avalon_audio_pll 18.0]
Progress: Parameterizing module audio_pll_0
Progress: Adding clk_0 [clock_source 21.1]
Progress: Parameterizing module clk_0
Progress: Adding hps_0 [altera_hps 21.1]
Progress: Parameterizing module hps_0
Progress: Adding vga_ball_0 [vga_ball 1.0]
Progress: Parameterizing module vga_ball_0
Progress: Building connections
Progress: Parameterizing connections
Progress: Validating
Progress: Done reading input file
Info: soc_system.hps_0: HPS Main PLL counter settings: n = 0  m = 73
Info: soc_system.hps_0: HPS peripherial PLL counter settings: n = 0  m = 39
Warning: soc_system.audio_0.avalon_right_channel_source: audio_0.avalon_right_channel_source must be connected to an Avalon-ST sink
Warning: soc_system.audio_0: audio_0.external_interface must be exported, or connected to a matching conduit.
Warning: soc_system.audio_and_video_config_0: audio_and_video_config_0.external_interface must be exported, or connected to a matching conduit.
Warning: soc_system.audio_and_video_config_0: audio_and_video_config_0.avalon_av_config_slave must be connected to an Avalon-MM master
Info: soc_system: Generating soc_system "soc_system" for QUARTUS_SYNTH
Warning: hps_0.f2h_irq0: Cannot connect clock for irq_mapper.sender
Warning: hps_0.f2h_irq0: Cannot connect reset for irq_mapper.sender
Warning: hps_0.f2h_irq1: Cannot connect clock for irq_mapper_001.sender
Warning: hps_0.f2h_irq1: Cannot connect reset for irq_mapper_001.sender
Info: audio_0: Starting Generation of Audio Controller
Info: audio_0: "soc_system" instantiated altera_up_avalon_audio "audio_0"
Info: audio_and_video_config_0: Starting Generation of Audio and Video Config
Info: audio_and_video_config_0: "soc_system" instantiated altera_up_avalon_audio_and_video_config "audio_and_video_config_0"
Info: audio_piper_0: "soc_system" instantiated audio_piper "audio_piper_0"
Info: audio_pll_0: "soc_system" instantiated altera_up_avalon_audio_pll "audio_pll_0"
Info: hps_0: "Running  for module: hps_0"
Info: hps_0: HPS Main PLL counter settings: n = 0  m = 73
Info: hps_0: HPS peripherial PLL counter settings: n = 0  m = 39
Info: hps_0: "soc_system" instantiated altera_hps "hps_0"
Info: irq_mapper: "soc_system" instantiated altera_irq_mapper "irq_mapper"
Info: rst_controller: "soc_system" instantiated altera_reset_controller "rst_controller"
Info: audio_pll: "audio_pll_0" instantiated altera_pll "audio_pll"
Info: reset_from_locked: "audio_pll_0" instantiated altera_up_avalon_reset_from_locked_signal "reset_from_locked"
Info: fpga_interfaces: "hps_0" instantiated altera_interface_generator "fpga_interfaces"
Info: hps_io: "hps_0" instantiated altera_hps_io "hps_io"
Info: border: "hps_io" instantiated altera_interface_generator "border"
Info: soc_system: Done "soc_system" with 13 modules, 79 files
Info: qsys-generate succeeded.
Info: Finished: Create HDL design files for synthesis
