EDA Netlist Writer report for fft_sim
Tue May  7 21:45:00 2024
Quartus Prime Version 21.1.0 Build 842 10/21/2021 SJ Lite Edition


---------------------
; Table of Contents ;
---------------------
  1. Legal Notice
  2. EDA Netlist Writer Summary
  3. EDA Netlist Writer Messages



----------------
; Legal Notice ;
----------------
Copyright (C) 2021  Intel Corporation. All rights reserved.
Your use of Intel Corporation's design tools, logic functions 
and other software and tools, and any partner logic 
functions, and any output files from any of the foregoing 
(including device programming or simulation files), and any 
associated documentation or information are expressly subject 
to the terms and conditions of the Intel Program License 
Subscription Agreement, the Intel Quartus Prime License Agreement,
the Intel FPGA IP License Agreement, or other applicable license
agreement, including, without limitation, that your use is for
the sole purpose of programming logic devices manufactured by
Intel and sold by Intel or its authorized distributors.  Please
refer to the applicable agreement for further details, at
https://fpgasoftware.intel.com/eula.



+---------------------------------------------------------------+
; EDA Netlist Writer Summary                                    ;
+---------------------------+-----------------------------------+
; EDA Netlist Writer Status ; Failed - Tue May  7 21:45:00 2024 ;
; Revision Name             ; fft_sim                           ;
; Top-level Entity Name     ; testbench                         ;
; Family                    ; Cyclone V                         ;
+---------------------------+-----------------------------------+


+-----------------------------+
; EDA Netlist Writer Messages ;
+-----------------------------+
Info: *******************************************************************
Info: Running Quartus Prime EDA Netlist Writer
    Info: Version 21.1.0 Build 842 10/21/2021 SJ Lite Edition
    Info: Processing started: Tue May  7 21:44:54 2024
Info: Command: quartus_eda --read_settings_files=on --write_settings_files=off fft_sim -c fft_sim
Warning (18236): Number of processors has not been specified which may cause overloading on shared machines.  Set the global assignment NUM_PARALLEL_PROCESSORS in your QSF to an appropriate value for best performance.
Error (204012): Can't generate netlist output files because the file "/homes/user/stud/fall21/mhr2154/Documents/fft_sim/fft/synthesis/submodules/auk_dspip_r22sdf_lib_pkg.vhd" is an OpenCore Plus time-limited file. Remove the unlicensed cores or obtain a license for those OpenCore Plus time-limited IP cores used in the design. The Intel FPGA Knowledge Database contains many articles with specific details on how to resolve this error. Visit the Knowledge Database at https://www.altera.com/support/support-resources/knowledge-base/search.html and search for this specific error message number.
Error (204012): Can't generate netlist output files because the file "/homes/user/stud/fall21/mhr2154/Documents/fft_sim/nco/synthesis/submodules/asj_dxx_g.v" is an OpenCore Plus time-limited file. Remove the unlicensed cores or obtain a license for those OpenCore Plus time-limited IP cores used in the design. The Intel FPGA Knowledge Database contains many articles with specific details on how to resolve this error. Visit the Knowledge Database at https://www.altera.com/support/support-resources/knowledge-base/search.html and search for this specific error message number.
Error (204012): Can't generate netlist output files because the file "/homes/user/stud/fall21/mhr2154/Documents/fft_sim/nco/synthesis/submodules/asj_gal.v" is an OpenCore Plus time-limited file. Remove the unlicensed cores or obtain a license for those OpenCore Plus time-limited IP cores used in the design. The Intel FPGA Knowledge Database contains many articles with specific details on how to resolve this error. Visit the Knowledge Database at https://www.altera.com/support/support-resources/knowledge-base/search.html and search for this specific error message number.
Error (204012): Can't generate netlist output files because the file "/homes/user/stud/fall21/mhr2154/Documents/fft_sim/nco/synthesis/submodules/asj_altqmcpipe.v" is an OpenCore Plus time-limited file. Remove the unlicensed cores or obtain a license for those OpenCore Plus time-limited IP cores used in the design. The Intel FPGA Knowledge Database contains many articles with specific details on how to resolve this error. Visit the Knowledge Database at https://www.altera.com/support/support-resources/knowledge-base/search.html and search for this specific error message number.
Error (204012): Can't generate netlist output files because the file "/homes/user/stud/fall21/mhr2154/Documents/fft_sim/fft/synthesis/submodules/auk_dspip_r22sdf_core.vhd" is an OpenCore Plus time-limited file. Remove the unlicensed cores or obtain a license for those OpenCore Plus time-limited IP cores used in the design. The Intel FPGA Knowledge Database contains many articles with specific details on how to resolve this error. Visit the Knowledge Database at https://www.altera.com/support/support-resources/knowledge-base/search.html and search for this specific error message number.
Error (204012): Can't generate netlist output files because the file "/homes/user/stud/fall21/mhr2154/Documents/fft_sim/fft/synthesis/submodules/auk_dspip_r22sdf_stg_pipe.vhd" is an OpenCore Plus time-limited file. Remove the unlicensed cores or obtain a license for those OpenCore Plus time-limited IP cores used in the design. The Intel FPGA Knowledge Database contains many articles with specific details on how to resolve this error. Visit the Knowledge Database at https://www.altera.com/support/support-resources/knowledge-base/search.html and search for this specific error message number.
Error (204012): Can't generate netlist output files because the file "/homes/user/stud/fall21/mhr2154/Documents/fft_sim/fft/synthesis/submodules/altera_fft_dual_port_ram.vhd" is an OpenCore Plus time-limited file. Remove the unlicensed cores or obtain a license for those OpenCore Plus time-limited IP cores used in the design. The Intel FPGA Knowledge Database contains many articles with specific details on how to resolve this error. Visit the Knowledge Database at https://www.altera.com/support/support-resources/knowledge-base/search.html and search for this specific error message number.
Error (204012): Can't generate netlist output files because the file "/homes/user/stud/fall21/mhr2154/Documents/fft_sim/fft/synthesis/submodules/auk_dspip_r22sdf_enable_control.vhd" is an OpenCore Plus time-limited file. Remove the unlicensed cores or obtain a license for those OpenCore Plus time-limited IP cores used in the design. The Intel FPGA Knowledge Database contains many articles with specific details on how to resolve this error. Visit the Knowledge Database at https://www.altera.com/support/support-resources/knowledge-base/search.html and search for this specific error message number.
Error (204012): Can't generate netlist output files because the file "/homes/user/stud/fall21/mhr2154/Documents/fft_sim/nco/synthesis/submodules/asj_dxx.v" is an OpenCore Plus time-limited file. Remove the unlicensed cores or obtain a license for those OpenCore Plus time-limited IP cores used in the design. The Intel FPGA Knowledge Database contains many articles with specific details on how to resolve this error. Visit the Knowledge Database at https://www.altera.com/support/support-resources/knowledge-base/search.html and search for this specific error message number.
Error (204012): Can't generate netlist output files because the file "/homes/user/stud/fall21/mhr2154/Documents/fft_sim/fft/synthesis/submodules/auk_dspip_r22sdf_cma.vhd" is an OpenCore Plus time-limited file. Remove the unlicensed cores or obtain a license for those OpenCore Plus time-limited IP cores used in the design. The Intel FPGA Knowledge Database contains many articles with specific details on how to resolve this error. Visit the Knowledge Database at https://www.altera.com/support/support-resources/knowledge-base/search.html and search for this specific error message number.
Error (204012): Can't generate netlist output files because the file "/homes/user/stud/fall21/mhr2154/Documents/fft_sim/nco/synthesis/submodules/asj_nco_mob_rw.v" is an OpenCore Plus time-limited file. Remove the unlicensed cores or obtain a license for those OpenCore Plus time-limited IP cores used in the design. The Intel FPGA Knowledge Database contains many articles with specific details on how to resolve this error. Visit the Knowledge Database at https://www.altera.com/support/support-resources/knowledge-base/search.html and search for this specific error message number.
Error (204012): Can't generate netlist output files because the file "/homes/user/stud/fall21/mhr2154/Documents/fft_sim/fft/synthesis/submodules/hyper_opt_OFF_pkg.vhd" is an OpenCore Plus time-limited file. Remove the unlicensed cores or obtain a license for those OpenCore Plus time-limited IP cores used in the design. The Intel FPGA Knowledge Database contains many articles with specific details on how to resolve this error. Visit the Knowledge Database at https://www.altera.com/support/support-resources/knowledge-base/search.html and search for this specific error message number.
Error (204012): Can't generate netlist output files because the file "/homes/user/stud/fall21/mhr2154/Documents/fft_sim/fft/synthesis/submodules/auk_dspip_r22sdf_delay.vhd" is an OpenCore Plus time-limited file. Remove the unlicensed cores or obtain a license for those OpenCore Plus time-limited IP cores used in the design. The Intel FPGA Knowledge Database contains many articles with specific details on how to resolve this error. Visit the Knowledge Database at https://www.altera.com/support/support-resources/knowledge-base/search.html and search for this specific error message number.
Error (204012): Can't generate netlist output files because the file "/homes/user/stud/fall21/mhr2154/Documents/fft_sim/fft/synthesis/submodules/auk_dspip_r22sdf_bf_control.vhd" is an OpenCore Plus time-limited file. Remove the unlicensed cores or obtain a license for those OpenCore Plus time-limited IP cores used in the design. The Intel FPGA Knowledge Database contains many articles with specific details on how to resolve this error. Visit the Knowledge Database at https://www.altera.com/support/support-resources/knowledge-base/search.html and search for this specific error message number.
Error (204012): Can't generate netlist output files because the file "/homes/user/stud/fall21/mhr2154/Documents/fft_sim/fft/synthesis/submodules/auk_dspip_r22sdf_stage.vhd" is an OpenCore Plus time-limited file. Remove the unlicensed cores or obtain a license for those OpenCore Plus time-limited IP cores used in the design. The Intel FPGA Knowledge Database contains many articles with specific details on how to resolve this error. Visit the Knowledge Database at https://www.altera.com/support/support-resources/knowledge-base/search.html and search for this specific error message number.
Error (204012): Can't generate netlist output files because the file "/homes/user/stud/fall21/mhr2154/Documents/fft_sim/fft/synthesis/submodules/counter_module.sv" is an OpenCore Plus time-limited file. Remove the unlicensed cores or obtain a license for those OpenCore Plus time-limited IP cores used in the design. The Intel FPGA Knowledge Database contains many articles with specific details on how to resolve this error. Visit the Knowledge Database at https://www.altera.com/support/support-resources/knowledge-base/search.html and search for this specific error message number.
Error (204012): Can't generate netlist output files because the file "/homes/user/stud/fall21/mhr2154/Documents/fft_sim/fft/synthesis/submodules/auk_dspip_r22sdf_top.vhd" is an OpenCore Plus time-limited file. Remove the unlicensed cores or obtain a license for those OpenCore Plus time-limited IP cores used in the design. The Intel FPGA Knowledge Database contains many articles with specific details on how to resolve this error. Visit the Knowledge Database at https://www.altera.com/support/support-resources/knowledge-base/search.html and search for this specific error message number.
Error (204012): Can't generate netlist output files because the file "/homes/user/stud/fall21/mhr2154/Documents/fft_sim/fft/synthesis/submodules/auk_dspip_r22sdf_counter.vhd" is an OpenCore Plus time-limited file. Remove the unlicensed cores or obtain a license for those OpenCore Plus time-limited IP cores used in the design. The Intel FPGA Knowledge Database contains many articles with specific details on how to resolve this error. Visit the Knowledge Database at https://www.altera.com/support/support-resources/knowledge-base/search.html and search for this specific error message number.
Error (204012): Can't generate netlist output files because the file "/homes/user/stud/fall21/mhr2154/Documents/fft_sim/fft/synthesis/submodules/auk_dspip_bit_reverse_reverse_carry_adder.vhd" is an OpenCore Plus time-limited file. Remove the unlicensed cores or obtain a license for those OpenCore Plus time-limited IP cores used in the design. The Intel FPGA Knowledge Database contains many articles with specific details on how to resolve this error. Visit the Knowledge Database at https://www.altera.com/support/support-resources/knowledge-base/search.html and search for this specific error message number.
Error (204012): Can't generate netlist output files because the file "/homes/user/stud/fall21/mhr2154/Documents/fft_sim/fft/synthesis/submodules/auk_dspip_r22sdf_addsub.vhd" is an OpenCore Plus time-limited file. Remove the unlicensed cores or obtain a license for those OpenCore Plus time-limited IP cores used in the design. The Intel FPGA Knowledge Database contains many articles with specific details on how to resolve this error. Visit the Knowledge Database at https://www.altera.com/support/support-resources/knowledge-base/search.html and search for this specific error message number.
Error (204012): Can't generate netlist output files because the file "/homes/user/stud/fall21/mhr2154/Documents/fft_sim/fft/synthesis/submodules/apn_fft_mult_can.vhd" is an OpenCore Plus time-limited file. Remove the unlicensed cores or obtain a license for those OpenCore Plus time-limited IP cores used in the design. The Intel FPGA Knowledge Database contains many articles with specific details on how to resolve this error. Visit the Knowledge Database at https://www.altera.com/support/support-resources/knowledge-base/search.html and search for this specific error message number.
Error (204012): Can't generate netlist output files because the file "/homes/user/stud/fall21/mhr2154/Documents/fft_sim/fft/synthesis/submodules/auk_dspip_r22sdf_twrom.vhd" is an OpenCore Plus time-limited file. Remove the unlicensed cores or obtain a license for those OpenCore Plus time-limited IP cores used in the design. The Intel FPGA Knowledge Database contains many articles with specific details on how to resolve this error. Visit the Knowledge Database at https://www.altera.com/support/support-resources/knowledge-base/search.html and search for this specific error message number.
Error (204012): Can't generate netlist output files because the file "/homes/user/stud/fall21/mhr2154/Documents/fft_sim/fft/synthesis/submodules/auk_dspip_r22sdf_bfii.vhd" is an OpenCore Plus time-limited file. Remove the unlicensed cores or obtain a license for those OpenCore Plus time-limited IP cores used in the design. The Intel FPGA Knowledge Database contains many articles with specific details on how to resolve this error. Visit the Knowledge Database at https://www.altera.com/support/support-resources/knowledge-base/search.html and search for this specific error message number.
Error (204012): Can't generate netlist output files because the file "/homes/user/stud/fall21/mhr2154/Documents/fft_sim/nco/synthesis/submodules/asj_nco_isdr.v" is an OpenCore Plus time-limited file. Remove the unlicensed cores or obtain a license for those OpenCore Plus time-limited IP cores used in the design. The Intel FPGA Knowledge Database contains many articles with specific details on how to resolve this error. Visit the Knowledge Database at https://www.altera.com/support/support-resources/knowledge-base/search.html and search for this specific error message number.
Error (204012): Can't generate netlist output files because the file "/homes/user/stud/fall21/mhr2154/Documents/fft_sim/fft/synthesis/submodules/auk_dspip_r22sdf_bfi.vhd" is an OpenCore Plus time-limited file. Remove the unlicensed cores or obtain a license for those OpenCore Plus time-limited IP cores used in the design. The Intel FPGA Knowledge Database contains many articles with specific details on how to resolve this error. Visit the Knowledge Database at https://www.altera.com/support/support-resources/knowledge-base/search.html and search for this specific error message number.
Error (204012): Can't generate netlist output files because the file "/homes/user/stud/fall21/mhr2154/Documents/fft_sim/nco/synthesis/submodules/asj_nco_as_m_cen.v" is an OpenCore Plus time-limited file. Remove the unlicensed cores or obtain a license for those OpenCore Plus time-limited IP cores used in the design. The Intel FPGA Knowledge Database contains many articles with specific details on how to resolve this error. Visit the Knowledge Database at https://www.altera.com/support/support-resources/knowledge-base/search.html and search for this specific error message number.
Error (204012): Can't generate netlist output files because the file "/homes/user/stud/fall21/mhr2154/Documents/fft_sim/nco/synthesis/submodules/asj_nco_apr_dxx.v" is an OpenCore Plus time-limited file. Remove the unlicensed cores or obtain a license for those OpenCore Plus time-limited IP cores used in the design. The Intel FPGA Knowledge Database contains many articles with specific details on how to resolve this error. Visit the Knowledge Database at https://www.altera.com/support/support-resources/knowledge-base/search.html and search for this specific error message number.
Error (204012): Can't generate netlist output files because the file "/homes/user/stud/fall21/mhr2154/Documents/fft_sim/fft/synthesis/submodules/altera_fft_single_port_rom.vhd" is an OpenCore Plus time-limited file. Remove the unlicensed cores or obtain a license for those OpenCore Plus time-limited IP cores used in the design. The Intel FPGA Knowledge Database contains many articles with specific details on how to resolve this error. Visit the Knowledge Database at https://www.altera.com/support/support-resources/knowledge-base/search.html and search for this specific error message number.
Error (204012): Can't generate netlist output files because the file "/homes/user/stud/fall21/mhr2154/Documents/fft_sim/fft/synthesis/submodules/auk_dspip_bit_reverse_addr_control.vhd" is an OpenCore Plus time-limited file. Remove the unlicensed cores or obtain a license for those OpenCore Plus time-limited IP cores used in the design. The Intel FPGA Knowledge Database contains many articles with specific details on how to resolve this error. Visit the Knowledge Database at https://www.altera.com/support/support-resources/knowledge-base/search.html and search for this specific error message number.
Error (204012): Can't generate netlist output files because the file "/homes/user/stud/fall21/mhr2154/Documents/fft_sim/fft/synthesis/submodules/auk_dspip_avalon_streaming_block_sink.vhd" is an OpenCore Plus time-limited file. Remove the unlicensed cores or obtain a license for those OpenCore Plus time-limited IP cores used in the design. The Intel FPGA Knowledge Database contains many articles with specific details on how to resolve this error. Visit the Knowledge Database at https://www.altera.com/support/support-resources/knowledge-base/search.html and search for this specific error message number.
Error (204009): Can't generate netlist output files because the license for encrypted file "/homes/user/stud/fall21/mhr2154/Documents/fft_sim/fft/synthesis/submodules/auk_dspip_r22sdf_lib_pkg.vhd" is not available
Error (204009): Can't generate netlist output files because the license for encrypted file "/homes/user/stud/fall21/mhr2154/Documents/fft_sim/nco/synthesis/submodules/asj_dxx_g.v" is not available
Error (204009): Can't generate netlist output files because the license for encrypted file "/homes/user/stud/fall21/mhr2154/Documents/fft_sim/nco/synthesis/submodules/asj_gal.v" is not available
Error (204009): Can't generate netlist output files because the license for encrypted file "/homes/user/stud/fall21/mhr2154/Documents/fft_sim/nco/synthesis/submodules/asj_altqmcpipe.v" is not available
Error (204009): Can't generate netlist output files because the license for encrypted file "/homes/user/stud/fall21/mhr2154/Documents/fft_sim/fft/synthesis/submodules/auk_dspip_r22sdf_core.vhd" is not available
Error (204009): Can't generate netlist output files because the license for encrypted file "/homes/user/stud/fall21/mhr2154/Documents/fft_sim/fft/synthesis/submodules/auk_dspip_r22sdf_stg_pipe.vhd" is not available
Error (204009): Can't generate netlist output files because the license for encrypted file "/homes/user/stud/fall21/mhr2154/Documents/fft_sim/fft/synthesis/submodules/altera_fft_dual_port_ram.vhd" is not available
Error (204009): Can't generate netlist output files because the license for encrypted file "/homes/user/stud/fall21/mhr2154/Documents/fft_sim/fft/synthesis/submodules/auk_dspip_r22sdf_enable_control.vhd" is not available
Error (204009): Can't generate netlist output files because the license for encrypted file "/homes/user/stud/fall21/mhr2154/Documents/fft_sim/nco/synthesis/submodules/asj_dxx.v" is not available
Error (204009): Can't generate netlist output files because the license for encrypted file "/homes/user/stud/fall21/mhr2154/Documents/fft_sim/fft/synthesis/submodules/auk_dspip_r22sdf_cma.vhd" is not available
Error (204009): Can't generate netlist output files because the license for encrypted file "/homes/user/stud/fall21/mhr2154/Documents/fft_sim/nco/synthesis/submodules/asj_nco_mob_rw.v" is not available
Error (204009): Can't generate netlist output files because the license for encrypted file "/homes/user/stud/fall21/mhr2154/Documents/fft_sim/fft/synthesis/submodules/hyper_opt_OFF_pkg.vhd" is not available
Error (204009): Can't generate netlist output files because the license for encrypted file "/homes/user/stud/fall21/mhr2154/Documents/fft_sim/fft/synthesis/submodules/auk_dspip_r22sdf_delay.vhd" is not available
Error (204009): Can't generate netlist output files because the license for encrypted file "/homes/user/stud/fall21/mhr2154/Documents/fft_sim/fft/synthesis/submodules/auk_dspip_r22sdf_bf_control.vhd" is not available
Error (204009): Can't generate netlist output files because the license for encrypted file "/homes/user/stud/fall21/mhr2154/Documents/fft_sim/fft/synthesis/submodules/auk_dspip_r22sdf_stage.vhd" is not available
Error (204009): Can't generate netlist output files because the license for encrypted file "/homes/user/stud/fall21/mhr2154/Documents/fft_sim/fft/synthesis/submodules/counter_module.sv" is not available
Error (204009): Can't generate netlist output files because the license for encrypted file "/homes/user/stud/fall21/mhr2154/Documents/fft_sim/fft/synthesis/submodules/auk_dspip_r22sdf_top.vhd" is not available
Error (204009): Can't generate netlist output files because the license for encrypted file "/homes/user/stud/fall21/mhr2154/Documents/fft_sim/fft/synthesis/submodules/auk_dspip_r22sdf_counter.vhd" is not available
Error (204009): Can't generate netlist output files because the license for encrypted file "/homes/user/stud/fall21/mhr2154/Documents/fft_sim/fft/synthesis/submodules/auk_dspip_bit_reverse_reverse_carry_adder.vhd" is not available
Error (204009): Can't generate netlist output files because the license for encrypted file "/homes/user/stud/fall21/mhr2154/Documents/fft_sim/fft/synthesis/submodules/auk_dspip_r22sdf_addsub.vhd" is not available
Error (204009): Can't generate netlist output files because the license for encrypted file "/homes/user/stud/fall21/mhr2154/Documents/fft_sim/fft/synthesis/submodules/apn_fft_mult_can.vhd" is not available
Error (204009): Can't generate netlist output files because the license for encrypted file "/homes/user/stud/fall21/mhr2154/Documents/fft_sim/fft/synthesis/submodules/auk_dspip_r22sdf_twrom.vhd" is not available
Error (204009): Can't generate netlist output files because the license for encrypted file "/homes/user/stud/fall21/mhr2154/Documents/fft_sim/fft/synthesis/submodules/auk_dspip_r22sdf_bfii.vhd" is not available
Error (204009): Can't generate netlist output files because the license for encrypted file "/homes/user/stud/fall21/mhr2154/Documents/fft_sim/nco/synthesis/submodules/asj_nco_isdr.v" is not available
Error (204009): Can't generate netlist output files because the license for encrypted file "/homes/user/stud/fall21/mhr2154/Documents/fft_sim/fft/synthesis/submodules/auk_dspip_r22sdf_bfi.vhd" is not available
Error (204009): Can't generate netlist output files because the license for encrypted file "/homes/user/stud/fall21/mhr2154/Documents/fft_sim/nco/synthesis/submodules/asj_nco_as_m_cen.v" is not available
Error (204009): Can't generate netlist output files because the license for encrypted file "/homes/user/stud/fall21/mhr2154/Documents/fft_sim/nco/synthesis/submodules/asj_nco_apr_dxx.v" is not available
Error (204009): Can't generate netlist output files because the license for encrypted file "/homes/user/stud/fall21/mhr2154/Documents/fft_sim/fft/synthesis/submodules/altera_fft_single_port_rom.vhd" is not available
Error (204009): Can't generate netlist output files because the license for encrypted file "/homes/user/stud/fall21/mhr2154/Documents/fft_sim/fft/synthesis/submodules/auk_dspip_bit_reverse_addr_control.vhd" is not available
Error (204009): Can't generate netlist output files because the license for encrypted file "/homes/user/stud/fall21/mhr2154/Documents/fft_sim/fft/synthesis/submodules/auk_dspip_avalon_streaming_block_sink.vhd" is not available
Error (204012): Can't generate netlist output files because the file "/homes/user/stud/fall21/mhr2154/Documents/fft_sim/fft/synthesis/submodules/auk_dspip_r22sdf_lib_pkg.vhd" is an OpenCore Plus time-limited file. Remove the unlicensed cores or obtain a license for those OpenCore Plus time-limited IP cores used in the design. The Intel FPGA Knowledge Database contains many articles with specific details on how to resolve this error. Visit the Knowledge Database at https://www.altera.com/support/support-resources/knowledge-base/search.html and search for this specific error message number.
Error (204012): Can't generate netlist output files because the file "/homes/user/stud/fall21/mhr2154/Documents/fft_sim/nco/synthesis/submodules/asj_dxx_g.v" is an OpenCore Plus time-limited file. Remove the unlicensed cores or obtain a license for those OpenCore Plus time-limited IP cores used in the design. The Intel FPGA Knowledge Database contains many articles with specific details on how to resolve this error. Visit the Knowledge Database at https://www.altera.com/support/support-resources/knowledge-base/search.html and search for this specific error message number.
Error (204012): Can't generate netlist output files because the file "/homes/user/stud/fall21/mhr2154/Documents/fft_sim/nco/synthesis/submodules/asj_gal.v" is an OpenCore Plus time-limited file. Remove the unlicensed cores or obtain a license for those OpenCore Plus time-limited IP cores used in the design. The Intel FPGA Knowledge Database contains many articles with specific details on how to resolve this error. Visit the Knowledge Database at https://www.altera.com/support/support-resources/knowledge-base/search.html and search for this specific error message number.
Error (204012): Can't generate netlist output files because the file "/homes/user/stud/fall21/mhr2154/Documents/fft_sim/nco/synthesis/submodules/asj_altqmcpipe.v" is an OpenCore Plus time-limited file. Remove the unlicensed cores or obtain a license for those OpenCore Plus time-limited IP cores used in the design. The Intel FPGA Knowledge Database contains many articles with specific details on how to resolve this error. Visit the Knowledge Database at https://www.altera.com/support/support-resources/knowledge-base/search.html and search for this specific error message number.
Error (204012): Can't generate netlist output files because the file "/homes/user/stud/fall21/mhr2154/Documents/fft_sim/fft/synthesis/submodules/auk_dspip_r22sdf_core.vhd" is an OpenCore Plus time-limited file. Remove the unlicensed cores or obtain a license for those OpenCore Plus time-limited IP cores used in the design. The Intel FPGA Knowledge Database contains many articles with specific details on how to resolve this error. Visit the Knowledge Database at https://www.altera.com/support/support-resources/knowledge-base/search.html and search for this specific error message number.
Error (204012): Can't generate netlist output files because the file "/homes/user/stud/fall21/mhr2154/Documents/fft_sim/fft/synthesis/submodules/auk_dspip_r22sdf_stg_pipe.vhd" is an OpenCore Plus time-limited file. Remove the unlicensed cores or obtain a license for those OpenCore Plus time-limited IP cores used in the design. The Intel FPGA Knowledge Database contains many articles with specific details on how to resolve this error. Visit the Knowledge Database at https://www.altera.com/support/support-resources/knowledge-base/search.html and search for this specific error message number.
Error (204012): Can't generate netlist output files because the file "/homes/user/stud/fall21/mhr2154/Documents/fft_sim/fft/synthesis/submodules/altera_fft_dual_port_ram.vhd" is an OpenCore Plus time-limited file. Remove the unlicensed cores or obtain a license for those OpenCore Plus time-limited IP cores used in the design. The Intel FPGA Knowledge Database contains many articles with specific details on how to resolve this error. Visit the Knowledge Database at https://www.altera.com/support/support-resources/knowledge-base/search.html and search for this specific error message number.
Error (204012): Can't generate netlist output files because the file "/homes/user/stud/fall21/mhr2154/Documents/fft_sim/fft/synthesis/submodules/auk_dspip_r22sdf_enable_control.vhd" is an OpenCore Plus time-limited file. Remove the unlicensed cores or obtain a license for those OpenCore Plus time-limited IP cores used in the design. The Intel FPGA Knowledge Database contains many articles with specific details on how to resolve this error. Visit the Knowledge Database at https://www.altera.com/support/support-resources/knowledge-base/search.html and search for this specific error message number.
Error (204012): Can't generate netlist output files because the file "/homes/user/stud/fall21/mhr2154/Documents/fft_sim/nco/synthesis/submodules/asj_dxx.v" is an OpenCore Plus time-limited file. Remove the unlicensed cores or obtain a license for those OpenCore Plus time-limited IP cores used in the design. The Intel FPGA Knowledge Database contains many articles with specific details on how to resolve this error. Visit the Knowledge Database at https://www.altera.com/support/support-resources/knowledge-base/search.html and search for this specific error message number.
Error (204012): Can't generate netlist output files because the file "/homes/user/stud/fall21/mhr2154/Documents/fft_sim/fft/synthesis/submodules/auk_dspip_r22sdf_cma.vhd" is an OpenCore Plus time-limited file. Remove the unlicensed cores or obtain a license for those OpenCore Plus time-limited IP cores used in the design. The Intel FPGA Knowledge Database contains many articles with specific details on how to resolve this error. Visit the Knowledge Database at https://www.altera.com/support/support-resources/knowledge-base/search.html and search for this specific error message number.
Error (204012): Can't generate netlist output files because the file "/homes/user/stud/fall21/mhr2154/Documents/fft_sim/nco/synthesis/submodules/asj_nco_mob_rw.v" is an OpenCore Plus time-limited file. Remove the unlicensed cores or obtain a license for those OpenCore Plus time-limited IP cores used in the design. The Intel FPGA Knowledge Database contains many articles with specific details on how to resolve this error. Visit the Knowledge Database at https://www.altera.com/support/support-resources/knowledge-base/search.html and search for this specific error message number.
Error (204012): Can't generate netlist output files because the file "/homes/user/stud/fall21/mhr2154/Documents/fft_sim/fft/synthesis/submodules/hyper_opt_OFF_pkg.vhd" is an OpenCore Plus time-limited file. Remove the unlicensed cores or obtain a license for those OpenCore Plus time-limited IP cores used in the design. The Intel FPGA Knowledge Database contains many articles with specific details on how to resolve this error. Visit the Knowledge Database at https://www.altera.com/support/support-resources/knowledge-base/search.html and search for this specific error message number.
Error (204012): Can't generate netlist output files because the file "/homes/user/stud/fall21/mhr2154/Documents/fft_sim/fft/synthesis/submodules/auk_dspip_r22sdf_delay.vhd" is an OpenCore Plus time-limited file. Remove the unlicensed cores or obtain a license for those OpenCore Plus time-limited IP cores used in the design. The Intel FPGA Knowledge Database contains many articles with specific details on how to resolve this error. Visit the Knowledge Database at https://www.altera.com/support/support-resources/knowledge-base/search.html and search for this specific error message number.
Error (204012): Can't generate netlist output files because the file "/homes/user/stud/fall21/mhr2154/Documents/fft_sim/fft/synthesis/submodules/auk_dspip_r22sdf_bf_control.vhd" is an OpenCore Plus time-limited file. Remove the unlicensed cores or obtain a license for those OpenCore Plus time-limited IP cores used in the design. The Intel FPGA Knowledge Database contains many articles with specific details on how to resolve this error. Visit the Knowledge Database at https://www.altera.com/support/support-resources/knowledge-base/search.html and search for this specific error message number.
Error (204012): Can't generate netlist output files because the file "/homes/user/stud/fall21/mhr2154/Documents/fft_sim/fft/synthesis/submodules/auk_dspip_r22sdf_stage.vhd" is an OpenCore Plus time-limited file. Remove the unlicensed cores or obtain a license for those OpenCore Plus time-limited IP cores used in the design. The Intel FPGA Knowledge Database contains many articles with specific details on how to resolve this error. Visit the Knowledge Database at https://www.altera.com/support/support-resources/knowledge-base/search.html and search for this specific error message number.
Error (204012): Can't generate netlist output files because the file "/homes/user/stud/fall21/mhr2154/Documents/fft_sim/fft/synthesis/submodules/counter_module.sv" is an OpenCore Plus time-limited file. Remove the unlicensed cores or obtain a license for those OpenCore Plus time-limited IP cores used in the design. The Intel FPGA Knowledge Database contains many articles with specific details on how to resolve this error. Visit the Knowledge Database at https://www.altera.com/support/support-resources/knowledge-base/search.html and search for this specific error message number.
Error (204012): Can't generate netlist output files because the file "/homes/user/stud/fall21/mhr2154/Documents/fft_sim/fft/synthesis/submodules/auk_dspip_r22sdf_top.vhd" is an OpenCore Plus time-limited file. Remove the unlicensed cores or obtain a license for those OpenCore Plus time-limited IP cores used in the design. The Intel FPGA Knowledge Database contains many articles with specific details on how to resolve this error. Visit the Knowledge Database at https://www.altera.com/support/support-resources/knowledge-base/search.html and search for this specific error message number.
Error (204012): Can't generate netlist output files because the file "/homes/user/stud/fall21/mhr2154/Documents/fft_sim/fft/synthesis/submodules/auk_dspip_r22sdf_counter.vhd" is an OpenCore Plus time-limited file. Remove the unlicensed cores or obtain a license for those OpenCore Plus time-limited IP cores used in the design. The Intel FPGA Knowledge Database contains many articles with specific details on how to resolve this error. Visit the Knowledge Database at https://www.altera.com/support/support-resources/knowledge-base/search.html and search for this specific error message number.
Error (204012): Can't generate netlist output files because the file "/homes/user/stud/fall21/mhr2154/Documents/fft_sim/fft/synthesis/submodules/auk_dspip_bit_reverse_reverse_carry_adder.vhd" is an OpenCore Plus time-limited file. Remove the unlicensed cores or obtain a license for those OpenCore Plus time-limited IP cores used in the design. The Intel FPGA Knowledge Database contains many articles with specific details on how to resolve this error. Visit the Knowledge Database at https://www.altera.com/support/support-resources/knowledge-base/search.html and search for this specific error message number.
Error (204012): Can't generate netlist output files because the file "/homes/user/stud/fall21/mhr2154/Documents/fft_sim/fft/synthesis/submodules/auk_dspip_r22sdf_addsub.vhd" is an OpenCore Plus time-limited file. Remove the unlicensed cores or obtain a license for those OpenCore Plus time-limited IP cores used in the design. The Intel FPGA Knowledge Database contains many articles with specific details on how to resolve this error. Visit the Knowledge Database at https://www.altera.com/support/support-resources/knowledge-base/search.html and search for this specific error message number.
Error (204012): Can't generate netlist output files because the file "/homes/user/stud/fall21/mhr2154/Documents/fft_sim/fft/synthesis/submodules/apn_fft_mult_can.vhd" is an OpenCore Plus time-limited file. Remove the unlicensed cores or obtain a license for those OpenCore Plus time-limited IP cores used in the design. The Intel FPGA Knowledge Database contains many articles with specific details on how to resolve this error. Visit the Knowledge Database at https://www.altera.com/support/support-resources/knowledge-base/search.html and search for this specific error message number.
Error (204012): Can't generate netlist output files because the file "/homes/user/stud/fall21/mhr2154/Documents/fft_sim/fft/synthesis/submodules/auk_dspip_r22sdf_twrom.vhd" is an OpenCore Plus time-limited file. Remove the unlicensed cores or obtain a license for those OpenCore Plus time-limited IP cores used in the design. The Intel FPGA Knowledge Database contains many articles with specific details on how to resolve this error. Visit the Knowledge Database at https://www.altera.com/support/support-resources/knowledge-base/search.html and search for this specific error message number.
Error (204012): Can't generate netlist output files because the file "/homes/user/stud/fall21/mhr2154/Documents/fft_sim/fft/synthesis/submodules/auk_dspip_r22sdf_bfii.vhd" is an OpenCore Plus time-limited file. Remove the unlicensed cores or obtain a license for those OpenCore Plus time-limited IP cores used in the design. The Intel FPGA Knowledge Database contains many articles with specific details on how to resolve this error. Visit the Knowledge Database at https://www.altera.com/support/support-resources/knowledge-base/search.html and search for this specific error message number.
Error (204012): Can't generate netlist output files because the file "/homes/user/stud/fall21/mhr2154/Documents/fft_sim/nco/synthesis/submodules/asj_nco_isdr.v" is an OpenCore Plus time-limited file. Remove the unlicensed cores or obtain a license for those OpenCore Plus time-limited IP cores used in the design. The Intel FPGA Knowledge Database contains many articles with specific details on how to resolve this error. Visit the Knowledge Database at https://www.altera.com/support/support-resources/knowledge-base/search.html and search for this specific error message number.
Error (204012): Can't generate netlist output files because the file "/homes/user/stud/fall21/mhr2154/Documents/fft_sim/fft/synthesis/submodules/auk_dspip_r22sdf_bfi.vhd" is an OpenCore Plus time-limited file. Remove the unlicensed cores or obtain a license for those OpenCore Plus time-limited IP cores used in the design. The Intel FPGA Knowledge Database contains many articles with specific details on how to resolve this error. Visit the Knowledge Database at https://www.altera.com/support/support-resources/knowledge-base/search.html and search for this specific error message number.
Error (204012): Can't generate netlist output files because the file "/homes/user/stud/fall21/mhr2154/Documents/fft_sim/nco/synthesis/submodules/asj_nco_as_m_cen.v" is an OpenCore Plus time-limited file. Remove the unlicensed cores or obtain a license for those OpenCore Plus time-limited IP cores used in the design. The Intel FPGA Knowledge Database contains many articles with specific details on how to resolve this error. Visit the Knowledge Database at https://www.altera.com/support/support-resources/knowledge-base/search.html and search for this specific error message number.
Error (204012): Can't generate netlist output files because the file "/homes/user/stud/fall21/mhr2154/Documents/fft_sim/nco/synthesis/submodules/asj_nco_apr_dxx.v" is an OpenCore Plus time-limited file. Remove the unlicensed cores or obtain a license for those OpenCore Plus time-limited IP cores used in the design. The Intel FPGA Knowledge Database contains many articles with specific details on how to resolve this error. Visit the Knowledge Database at https://www.altera.com/support/support-resources/knowledge-base/search.html and search for this specific error message number.
Error (204012): Can't generate netlist output files because the file "/homes/user/stud/fall21/mhr2154/Documents/fft_sim/fft/synthesis/submodules/altera_fft_single_port_rom.vhd" is an OpenCore Plus time-limited file. Remove the unlicensed cores or obtain a license for those OpenCore Plus time-limited IP cores used in the design. The Intel FPGA Knowledge Database contains many articles with specific details on how to resolve this error. Visit the Knowledge Database at https://www.altera.com/support/support-resources/knowledge-base/search.html and search for this specific error message number.
Error (204012): Can't generate netlist output files because the file "/homes/user/stud/fall21/mhr2154/Documents/fft_sim/fft/synthesis/submodules/auk_dspip_bit_reverse_addr_control.vhd" is an OpenCore Plus time-limited file. Remove the unlicensed cores or obtain a license for those OpenCore Plus time-limited IP cores used in the design. The Intel FPGA Knowledge Database contains many articles with specific details on how to resolve this error. Visit the Knowledge Database at https://www.altera.com/support/support-resources/knowledge-base/search.html and search for this specific error message number.
Error (204012): Can't generate netlist output files because the file "/homes/user/stud/fall21/mhr2154/Documents/fft_sim/fft/synthesis/submodules/auk_dspip_avalon_streaming_block_sink.vhd" is an OpenCore Plus time-limited file. Remove the unlicensed cores or obtain a license for those OpenCore Plus time-limited IP cores used in the design. The Intel FPGA Knowledge Database contains many articles with specific details on how to resolve this error. Visit the Knowledge Database at https://www.altera.com/support/support-resources/knowledge-base/search.html and search for this specific error message number.
Error (204009): Can't generate netlist output files because the license for encrypted file "/homes/user/stud/fall21/mhr2154/Documents/fft_sim/fft/synthesis/submodules/auk_dspip_r22sdf_lib_pkg.vhd" is not available
Error (204009): Can't generate netlist output files because the license for encrypted file "/homes/user/stud/fall21/mhr2154/Documents/fft_sim/nco/synthesis/submodules/asj_dxx_g.v" is not available
Error (204009): Can't generate netlist output files because the license for encrypted file "/homes/user/stud/fall21/mhr2154/Documents/fft_sim/nco/synthesis/submodules/asj_gal.v" is not available
Error (204009): Can't generate netlist output files because the license for encrypted file "/homes/user/stud/fall21/mhr2154/Documents/fft_sim/nco/synthesis/submodules/asj_altqmcpipe.v" is not available
Error (204009): Can't generate netlist output files because the license for encrypted file "/homes/user/stud/fall21/mhr2154/Documents/fft_sim/fft/synthesis/submodules/auk_dspip_r22sdf_core.vhd" is not available
Error (204009): Can't generate netlist output files because the license for encrypted file "/homes/user/stud/fall21/mhr2154/Documents/fft_sim/fft/synthesis/submodules/auk_dspip_r22sdf_stg_pipe.vhd" is not available
Error (204009): Can't generate netlist output files because the license for encrypted file "/homes/user/stud/fall21/mhr2154/Documents/fft_sim/fft/synthesis/submodules/altera_fft_dual_port_ram.vhd" is not available
Error (204009): Can't generate netlist output files because the license for encrypted file "/homes/user/stud/fall21/mhr2154/Documents/fft_sim/fft/synthesis/submodules/auk_dspip_r22sdf_enable_control.vhd" is not available
Error (204009): Can't generate netlist output files because the license for encrypted file "/homes/user/stud/fall21/mhr2154/Documents/fft_sim/nco/synthesis/submodules/asj_dxx.v" is not available
Error (204009): Can't generate netlist output files because the license for encrypted file "/homes/user/stud/fall21/mhr2154/Documents/fft_sim/fft/synthesis/submodules/auk_dspip_r22sdf_cma.vhd" is not available
Error (204009): Can't generate netlist output files because the license for encrypted file "/homes/user/stud/fall21/mhr2154/Documents/fft_sim/nco/synthesis/submodules/asj_nco_mob_rw.v" is not available
Error (204009): Can't generate netlist output files because the license for encrypted file "/homes/user/stud/fall21/mhr2154/Documents/fft_sim/fft/synthesis/submodules/hyper_opt_OFF_pkg.vhd" is not available
Error (204009): Can't generate netlist output files because the license for encrypted file "/homes/user/stud/fall21/mhr2154/Documents/fft_sim/fft/synthesis/submodules/auk_dspip_r22sdf_delay.vhd" is not available
Error (204009): Can't generate netlist output files because the license for encrypted file "/homes/user/stud/fall21/mhr2154/Documents/fft_sim/fft/synthesis/submodules/auk_dspip_r22sdf_bf_control.vhd" is not available
Error (204009): Can't generate netlist output files because the license for encrypted file "/homes/user/stud/fall21/mhr2154/Documents/fft_sim/fft/synthesis/submodules/auk_dspip_r22sdf_stage.vhd" is not available
Error (204009): Can't generate netlist output files because the license for encrypted file "/homes/user/stud/fall21/mhr2154/Documents/fft_sim/fft/synthesis/submodules/counter_module.sv" is not available
Error (204009): Can't generate netlist output files because the license for encrypted file "/homes/user/stud/fall21/mhr2154/Documents/fft_sim/fft/synthesis/submodules/auk_dspip_r22sdf_top.vhd" is not available
Error (204009): Can't generate netlist output files because the license for encrypted file "/homes/user/stud/fall21/mhr2154/Documents/fft_sim/fft/synthesis/submodules/auk_dspip_r22sdf_counter.vhd" is not available
Error (204009): Can't generate netlist output files because the license for encrypted file "/homes/user/stud/fall21/mhr2154/Documents/fft_sim/fft/synthesis/submodules/auk_dspip_bit_reverse_reverse_carry_adder.vhd" is not available
Error (204009): Can't generate netlist output files because the license for encrypted file "/homes/user/stud/fall21/mhr2154/Documents/fft_sim/fft/synthesis/submodules/auk_dspip_r22sdf_addsub.vhd" is not available
Error (204009): Can't generate netlist output files because the license for encrypted file "/homes/user/stud/fall21/mhr2154/Documents/fft_sim/fft/synthesis/submodules/apn_fft_mult_can.vhd" is not available
Error (204009): Can't generate netlist output files because the license for encrypted file "/homes/user/stud/fall21/mhr2154/Documents/fft_sim/fft/synthesis/submodules/auk_dspip_r22sdf_twrom.vhd" is not available
Error (204009): Can't generate netlist output files because the license for encrypted file "/homes/user/stud/fall21/mhr2154/Documents/fft_sim/fft/synthesis/submodules/auk_dspip_r22sdf_bfii.vhd" is not available
Error (204009): Can't generate netlist output files because the license for encrypted file "/homes/user/stud/fall21/mhr2154/Documents/fft_sim/nco/synthesis/submodules/asj_nco_isdr.v" is not available
Error (204009): Can't generate netlist output files because the license for encrypted file "/homes/user/stud/fall21/mhr2154/Documents/fft_sim/fft/synthesis/submodules/auk_dspip_r22sdf_bfi.vhd" is not available
Error (204009): Can't generate netlist output files because the license for encrypted file "/homes/user/stud/fall21/mhr2154/Documents/fft_sim/nco/synthesis/submodules/asj_nco_as_m_cen.v" is not available
Error (204009): Can't generate netlist output files because the license for encrypted file "/homes/user/stud/fall21/mhr2154/Documents/fft_sim/nco/synthesis/submodules/asj_nco_apr_dxx.v" is not available
Error (204009): Can't generate netlist output files because the license for encrypted file "/homes/user/stud/fall21/mhr2154/Documents/fft_sim/fft/synthesis/submodules/altera_fft_single_port_rom.vhd" is not available
Error (204009): Can't generate netlist output files because the license for encrypted file "/homes/user/stud/fall21/mhr2154/Documents/fft_sim/fft/synthesis/submodules/auk_dspip_bit_reverse_addr_control.vhd" is not available
Error (204009): Can't generate netlist output files because the license for encrypted file "/homes/user/stud/fall21/mhr2154/Documents/fft_sim/fft/synthesis/submodules/auk_dspip_avalon_streaming_block_sink.vhd" is not available
Error (204012): Can't generate netlist output files because the file "/homes/user/stud/fall21/mhr2154/Documents/fft_sim/fft/synthesis/submodules/auk_dspip_r22sdf_lib_pkg.vhd" is an OpenCore Plus time-limited file. Remove the unlicensed cores or obtain a license for those OpenCore Plus time-limited IP cores used in the design. The Intel FPGA Knowledge Database contains many articles with specific details on how to resolve this error. Visit the Knowledge Database at https://www.altera.com/support/support-resources/knowledge-base/search.html and search for this specific error message number.
Error (204012): Can't generate netlist output files because the file "/homes/user/stud/fall21/mhr2154/Documents/fft_sim/nco/synthesis/submodules/asj_dxx_g.v" is an OpenCore Plus time-limited file. Remove the unlicensed cores or obtain a license for those OpenCore Plus time-limited IP cores used in the design. The Intel FPGA Knowledge Database contains many articles with specific details on how to resolve this error. Visit the Knowledge Database at https://www.altera.com/support/support-resources/knowledge-base/search.html and search for this specific error message number.
Error (204012): Can't generate netlist output files because the file "/homes/user/stud/fall21/mhr2154/Documents/fft_sim/nco/synthesis/submodules/asj_gal.v" is an OpenCore Plus time-limited file. Remove the unlicensed cores or obtain a license for those OpenCore Plus time-limited IP cores used in the design. The Intel FPGA Knowledge Database contains many articles with specific details on how to resolve this error. Visit the Knowledge Database at https://www.altera.com/support/support-resources/knowledge-base/search.html and search for this specific error message number.
Error (204012): Can't generate netlist output files because the file "/homes/user/stud/fall21/mhr2154/Documents/fft_sim/nco/synthesis/submodules/asj_altqmcpipe.v" is an OpenCore Plus time-limited file. Remove the unlicensed cores or obtain a license for those OpenCore Plus time-limited IP cores used in the design. The Intel FPGA Knowledge Database contains many articles with specific details on how to resolve this error. Visit the Knowledge Database at https://www.altera.com/support/support-resources/knowledge-base/search.html and search for this specific error message number.
Error (204012): Can't generate netlist output files because the file "/homes/user/stud/fall21/mhr2154/Documents/fft_sim/fft/synthesis/submodules/auk_dspip_r22sdf_core.vhd" is an OpenCore Plus time-limited file. Remove the unlicensed cores or obtain a license for those OpenCore Plus time-limited IP cores used in the design. The Intel FPGA Knowledge Database contains many articles with specific details on how to resolve this error. Visit the Knowledge Database at https://www.altera.com/support/support-resources/knowledge-base/search.html and search for this specific error message number.
Error (204012): Can't generate netlist output files because the file "/homes/user/stud/fall21/mhr2154/Documents/fft_sim/fft/synthesis/submodules/auk_dspip_r22sdf_stg_pipe.vhd" is an OpenCore Plus time-limited file. Remove the unlicensed cores or obtain a license for those OpenCore Plus time-limited IP cores used in the design. The Intel FPGA Knowledge Database contains many articles with specific details on how to resolve this error. Visit the Knowledge Database at https://www.altera.com/support/support-resources/knowledge-base/search.html and search for this specific error message number.
Error (204012): Can't generate netlist output files because the file "/homes/user/stud/fall21/mhr2154/Documents/fft_sim/fft/synthesis/submodules/altera_fft_dual_port_ram.vhd" is an OpenCore Plus time-limited file. Remove the unlicensed cores or obtain a license for those OpenCore Plus time-limited IP cores used in the design. The Intel FPGA Knowledge Database contains many articles with specific details on how to resolve this error. Visit the Knowledge Database at https://www.altera.com/support/support-resources/knowledge-base/search.html and search for this specific error message number.
Error (204012): Can't generate netlist output files because the file "/homes/user/stud/fall21/mhr2154/Documents/fft_sim/fft/synthesis/submodules/auk_dspip_r22sdf_enable_control.vhd" is an OpenCore Plus time-limited file. Remove the unlicensed cores or obtain a license for those OpenCore Plus time-limited IP cores used in the design. The Intel FPGA Knowledge Database contains many articles with specific details on how to resolve this error. Visit the Knowledge Database at https://www.altera.com/support/support-resources/knowledge-base/search.html and search for this specific error message number.
Error (204012): Can't generate netlist output files because the file "/homes/user/stud/fall21/mhr2154/Documents/fft_sim/nco/synthesis/submodules/asj_dxx.v" is an OpenCore Plus time-limited file. Remove the unlicensed cores or obtain a license for those OpenCore Plus time-limited IP cores used in the design. The Intel FPGA Knowledge Database contains many articles with specific details on how to resolve this error. Visit the Knowledge Database at https://www.altera.com/support/support-resources/knowledge-base/search.html and search for this specific error message number.
Error (204012): Can't generate netlist output files because the file "/homes/user/stud/fall21/mhr2154/Documents/fft_sim/fft/synthesis/submodules/auk_dspip_r22sdf_cma.vhd" is an OpenCore Plus time-limited file. Remove the unlicensed cores or obtain a license for those OpenCore Plus time-limited IP cores used in the design. The Intel FPGA Knowledge Database contains many articles with specific details on how to resolve this error. Visit the Knowledge Database at https://www.altera.com/support/support-resources/knowledge-base/search.html and search for this specific error message number.
Error (204012): Can't generate netlist output files because the file "/homes/user/stud/fall21/mhr2154/Documents/fft_sim/nco/synthesis/submodules/asj_nco_mob_rw.v" is an OpenCore Plus time-limited file. Remove the unlicensed cores or obtain a license for those OpenCore Plus time-limited IP cores used in the design. The Intel FPGA Knowledge Database contains many articles with specific details on how to resolve this error. Visit the Knowledge Database at https://www.altera.com/support/support-resources/knowledge-base/search.html and search for this specific error message number.
Error (204012): Can't generate netlist output files because the file "/homes/user/stud/fall21/mhr2154/Documents/fft_sim/fft/synthesis/submodules/hyper_opt_OFF_pkg.vhd" is an OpenCore Plus time-limited file. Remove the unlicensed cores or obtain a license for those OpenCore Plus time-limited IP cores used in the design. The Intel FPGA Knowledge Database contains many articles with specific details on how to resolve this error. Visit the Knowledge Database at https://www.altera.com/support/support-resources/knowledge-base/search.html and search for this specific error message number.
Error (204012): Can't generate netlist output files because the file "/homes/user/stud/fall21/mhr2154/Documents/fft_sim/fft/synthesis/submodules/auk_dspip_r22sdf_delay.vhd" is an OpenCore Plus time-limited file. Remove the unlicensed cores or obtain a license for those OpenCore Plus time-limited IP cores used in the design. The Intel FPGA Knowledge Database contains many articles with specific details on how to resolve this error. Visit the Knowledge Database at https://www.altera.com/support/support-resources/knowledge-base/search.html and search for this specific error message number.
Error (204012): Can't generate netlist output files because the file "/homes/user/stud/fall21/mhr2154/Documents/fft_sim/fft/synthesis/submodules/auk_dspip_r22sdf_bf_control.vhd" is an OpenCore Plus time-limited file. Remove the unlicensed cores or obtain a license for those OpenCore Plus time-limited IP cores used in the design. The Intel FPGA Knowledge Database contains many articles with specific details on how to resolve this error. Visit the Knowledge Database at https://www.altera.com/support/support-resources/knowledge-base/search.html and search for this specific error message number.
Error (204012): Can't generate netlist output files because the file "/homes/user/stud/fall21/mhr2154/Documents/fft_sim/fft/synthesis/submodules/auk_dspip_r22sdf_stage.vhd" is an OpenCore Plus time-limited file. Remove the unlicensed cores or obtain a license for those OpenCore Plus time-limited IP cores used in the design. The Intel FPGA Knowledge Database contains many articles with specific details on how to resolve this error. Visit the Knowledge Database at https://www.altera.com/support/support-resources/knowledge-base/search.html and search for this specific error message number.
Error (204012): Can't generate netlist output files because the file "/homes/user/stud/fall21/mhr2154/Documents/fft_sim/fft/synthesis/submodules/counter_module.sv" is an OpenCore Plus time-limited file. Remove the unlicensed cores or obtain a license for those OpenCore Plus time-limited IP cores used in the design. The Intel FPGA Knowledge Database contains many articles with specific details on how to resolve this error. Visit the Knowledge Database at https://www.altera.com/support/support-resources/knowledge-base/search.html and search for this specific error message number.
Error (204012): Can't generate netlist output files because the file "/homes/user/stud/fall21/mhr2154/Documents/fft_sim/fft/synthesis/submodules/auk_dspip_r22sdf_top.vhd" is an OpenCore Plus time-limited file. Remove the unlicensed cores or obtain a license for those OpenCore Plus time-limited IP cores used in the design. The Intel FPGA Knowledge Database contains many articles with specific details on how to resolve this error. Visit the Knowledge Database at https://www.altera.com/support/support-resources/knowledge-base/search.html and search for this specific error message number.
Error (204012): Can't generate netlist output files because the file "/homes/user/stud/fall21/mhr2154/Documents/fft_sim/fft/synthesis/submodules/auk_dspip_r22sdf_counter.vhd" is an OpenCore Plus time-limited file. Remove the unlicensed cores or obtain a license for those OpenCore Plus time-limited IP cores used in the design. The Intel FPGA Knowledge Database contains many articles with specific details on how to resolve this error. Visit the Knowledge Database at https://www.altera.com/support/support-resources/knowledge-base/search.html and search for this specific error message number.
Error (204012): Can't generate netlist output files because the file "/homes/user/stud/fall21/mhr2154/Documents/fft_sim/fft/synthesis/submodules/auk_dspip_bit_reverse_reverse_carry_adder.vhd" is an OpenCore Plus time-limited file. Remove the unlicensed cores or obtain a license for those OpenCore Plus time-limited IP cores used in the design. The Intel FPGA Knowledge Database contains many articles with specific details on how to resolve this error. Visit the Knowledge Database at https://www.altera.com/support/support-resources/knowledge-base/search.html and search for this specific error message number.
Error (204012): Can't generate netlist output files because the file "/homes/user/stud/fall21/mhr2154/Documents/fft_sim/fft/synthesis/submodules/auk_dspip_r22sdf_addsub.vhd" is an OpenCore Plus time-limited file. Remove the unlicensed cores or obtain a license for those OpenCore Plus time-limited IP cores used in the design. The Intel FPGA Knowledge Database contains many articles with specific details on how to resolve this error. Visit the Knowledge Database at https://www.altera.com/support/support-resources/knowledge-base/search.html and search for this specific error message number.
Error (204012): Can't generate netlist output files because the file "/homes/user/stud/fall21/mhr2154/Documents/fft_sim/fft/synthesis/submodules/apn_fft_mult_can.vhd" is an OpenCore Plus time-limited file. Remove the unlicensed cores or obtain a license for those OpenCore Plus time-limited IP cores used in the design. The Intel FPGA Knowledge Database contains many articles with specific details on how to resolve this error. Visit the Knowledge Database at https://www.altera.com/support/support-resources/knowledge-base/search.html and search for this specific error message number.
Error (204012): Can't generate netlist output files because the file "/homes/user/stud/fall21/mhr2154/Documents/fft_sim/fft/synthesis/submodules/auk_dspip_r22sdf_twrom.vhd" is an OpenCore Plus time-limited file. Remove the unlicensed cores or obtain a license for those OpenCore Plus time-limited IP cores used in the design. The Intel FPGA Knowledge Database contains many articles with specific details on how to resolve this error. Visit the Knowledge Database at https://www.altera.com/support/support-resources/knowledge-base/search.html and search for this specific error message number.
Error (204012): Can't generate netlist output files because the file "/homes/user/stud/fall21/mhr2154/Documents/fft_sim/fft/synthesis/submodules/auk_dspip_r22sdf_bfii.vhd" is an OpenCore Plus time-limited file. Remove the unlicensed cores or obtain a license for those OpenCore Plus time-limited IP cores used in the design. The Intel FPGA Knowledge Database contains many articles with specific details on how to resolve this error. Visit the Knowledge Database at https://www.altera.com/support/support-resources/knowledge-base/search.html and search for this specific error message number.
Error (204012): Can't generate netlist output files because the file "/homes/user/stud/fall21/mhr2154/Documents/fft_sim/nco/synthesis/submodules/asj_nco_isdr.v" is an OpenCore Plus time-limited file. Remove the unlicensed cores or obtain a license for those OpenCore Plus time-limited IP cores used in the design. The Intel FPGA Knowledge Database contains many articles with specific details on how to resolve this error. Visit the Knowledge Database at https://www.altera.com/support/support-resources/knowledge-base/search.html and search for this specific error message number.
Error (204012): Can't generate netlist output files because the file "/homes/user/stud/fall21/mhr2154/Documents/fft_sim/fft/synthesis/submodules/auk_dspip_r22sdf_bfi.vhd" is an OpenCore Plus time-limited file. Remove the unlicensed cores or obtain a license for those OpenCore Plus time-limited IP cores used in the design. The Intel FPGA Knowledge Database contains many articles with specific details on how to resolve this error. Visit the Knowledge Database at https://www.altera.com/support/support-resources/knowledge-base/search.html and search for this specific error message number.
Error (204012): Can't generate netlist output files because the file "/homes/user/stud/fall21/mhr2154/Documents/fft_sim/nco/synthesis/submodules/asj_nco_as_m_cen.v" is an OpenCore Plus time-limited file. Remove the unlicensed cores or obtain a license for those OpenCore Plus time-limited IP cores used in the design. The Intel FPGA Knowledge Database contains many articles with specific details on how to resolve this error. Visit the Knowledge Database at https://www.altera.com/support/support-resources/knowledge-base/search.html and search for this specific error message number.
Error (204012): Can't generate netlist output files because the file "/homes/user/stud/fall21/mhr2154/Documents/fft_sim/nco/synthesis/submodules/asj_nco_apr_dxx.v" is an OpenCore Plus time-limited file. Remove the unlicensed cores or obtain a license for those OpenCore Plus time-limited IP cores used in the design. The Intel FPGA Knowledge Database contains many articles with specific details on how to resolve this error. Visit the Knowledge Database at https://www.altera.com/support/support-resources/knowledge-base/search.html and search for this specific error message number.
Error (204012): Can't generate netlist output files because the file "/homes/user/stud/fall21/mhr2154/Documents/fft_sim/fft/synthesis/submodules/altera_fft_single_port_rom.vhd" is an OpenCore Plus time-limited file. Remove the unlicensed cores or obtain a license for those OpenCore Plus time-limited IP cores used in the design. The Intel FPGA Knowledge Database contains many articles with specific details on how to resolve this error. Visit the Knowledge Database at https://www.altera.com/support/support-resources/knowledge-base/search.html and search for this specific error message number.
Error (204012): Can't generate netlist output files because the file "/homes/user/stud/fall21/mhr2154/Documents/fft_sim/fft/synthesis/submodules/auk_dspip_bit_reverse_addr_control.vhd" is an OpenCore Plus time-limited file. Remove the unlicensed cores or obtain a license for those OpenCore Plus time-limited IP cores used in the design. The Intel FPGA Knowledge Database contains many articles with specific details on how to resolve this error. Visit the Knowledge Database at https://www.altera.com/support/support-resources/knowledge-base/search.html and search for this specific error message number.
Error (204012): Can't generate netlist output files because the file "/homes/user/stud/fall21/mhr2154/Documents/fft_sim/fft/synthesis/submodules/auk_dspip_avalon_streaming_block_sink.vhd" is an OpenCore Plus time-limited file. Remove the unlicensed cores or obtain a license for those OpenCore Plus time-limited IP cores used in the design. The Intel FPGA Knowledge Database contains many articles with specific details on how to resolve this error. Visit the Knowledge Database at https://www.altera.com/support/support-resources/knowledge-base/search.html and search for this specific error message number.
Error (204009): Can't generate netlist output files because the license for encrypted file "/homes/user/stud/fall21/mhr2154/Documents/fft_sim/fft/synthesis/submodules/auk_dspip_r22sdf_lib_pkg.vhd" is not available
Error (204009): Can't generate netlist output files because the license for encrypted file "/homes/user/stud/fall21/mhr2154/Documents/fft_sim/nco/synthesis/submodules/asj_dxx_g.v" is not available
Error (204009): Can't generate netlist output files because the license for encrypted file "/homes/user/stud/fall21/mhr2154/Documents/fft_sim/nco/synthesis/submodules/asj_gal.v" is not available
Error (204009): Can't generate netlist output files because the license for encrypted file "/homes/user/stud/fall21/mhr2154/Documents/fft_sim/nco/synthesis/submodules/asj_altqmcpipe.v" is not available
Error (204009): Can't generate netlist output files because the license for encrypted file "/homes/user/stud/fall21/mhr2154/Documents/fft_sim/fft/synthesis/submodules/auk_dspip_r22sdf_core.vhd" is not available
Error (204009): Can't generate netlist output files because the license for encrypted file "/homes/user/stud/fall21/mhr2154/Documents/fft_sim/fft/synthesis/submodules/auk_dspip_r22sdf_stg_pipe.vhd" is not available
Error (204009): Can't generate netlist output files because the license for encrypted file "/homes/user/stud/fall21/mhr2154/Documents/fft_sim/fft/synthesis/submodules/altera_fft_dual_port_ram.vhd" is not available
Error (204009): Can't generate netlist output files because the license for encrypted file "/homes/user/stud/fall21/mhr2154/Documents/fft_sim/fft/synthesis/submodules/auk_dspip_r22sdf_enable_control.vhd" is not available
Error (204009): Can't generate netlist output files because the license for encrypted file "/homes/user/stud/fall21/mhr2154/Documents/fft_sim/nco/synthesis/submodules/asj_dxx.v" is not available
Error (204009): Can't generate netlist output files because the license for encrypted file "/homes/user/stud/fall21/mhr2154/Documents/fft_sim/fft/synthesis/submodules/auk_dspip_r22sdf_cma.vhd" is not available
Error (204009): Can't generate netlist output files because the license for encrypted file "/homes/user/stud/fall21/mhr2154/Documents/fft_sim/nco/synthesis/submodules/asj_nco_mob_rw.v" is not available
Error (204009): Can't generate netlist output files because the license for encrypted file "/homes/user/stud/fall21/mhr2154/Documents/fft_sim/fft/synthesis/submodules/hyper_opt_OFF_pkg.vhd" is not available
Error (204009): Can't generate netlist output files because the license for encrypted file "/homes/user/stud/fall21/mhr2154/Documents/fft_sim/fft/synthesis/submodules/auk_dspip_r22sdf_delay.vhd" is not available
Error (204009): Can't generate netlist output files because the license for encrypted file "/homes/user/stud/fall21/mhr2154/Documents/fft_sim/fft/synthesis/submodules/auk_dspip_r22sdf_bf_control.vhd" is not available
Error (204009): Can't generate netlist output files because the license for encrypted file "/homes/user/stud/fall21/mhr2154/Documents/fft_sim/fft/synthesis/submodules/auk_dspip_r22sdf_stage.vhd" is not available
Error (204009): Can't generate netlist output files because the license for encrypted file "/homes/user/stud/fall21/mhr2154/Documents/fft_sim/fft/synthesis/submodules/counter_module.sv" is not available
Error (204009): Can't generate netlist output files because the license for encrypted file "/homes/user/stud/fall21/mhr2154/Documents/fft_sim/fft/synthesis/submodules/auk_dspip_r22sdf_top.vhd" is not available
Error (204009): Can't generate netlist output files because the license for encrypted file "/homes/user/stud/fall21/mhr2154/Documents/fft_sim/fft/synthesis/submodules/auk_dspip_r22sdf_counter.vhd" is not available
Error (204009): Can't generate netlist output files because the license for encrypted file "/homes/user/stud/fall21/mhr2154/Documents/fft_sim/fft/synthesis/submodules/auk_dspip_bit_reverse_reverse_carry_adder.vhd" is not available
Error (204009): Can't generate netlist output files because the license for encrypted file "/homes/user/stud/fall21/mhr2154/Documents/fft_sim/fft/synthesis/submodules/auk_dspip_r22sdf_addsub.vhd" is not available
Error (204009): Can't generate netlist output files because the license for encrypted file "/homes/user/stud/fall21/mhr2154/Documents/fft_sim/fft/synthesis/submodules/apn_fft_mult_can.vhd" is not available
Error (204009): Can't generate netlist output files because the license for encrypted file "/homes/user/stud/fall21/mhr2154/Documents/fft_sim/fft/synthesis/submodules/auk_dspip_r22sdf_twrom.vhd" is not available
Error (204009): Can't generate netlist output files because the license for encrypted file "/homes/user/stud/fall21/mhr2154/Documents/fft_sim/fft/synthesis/submodules/auk_dspip_r22sdf_bfii.vhd" is not available
Error (204009): Can't generate netlist output files because the license for encrypted file "/homes/user/stud/fall21/mhr2154/Documents/fft_sim/nco/synthesis/submodules/asj_nco_isdr.v" is not available
Error (204009): Can't generate netlist output files because the license for encrypted file "/homes/user/stud/fall21/mhr2154/Documents/fft_sim/fft/synthesis/submodules/auk_dspip_r22sdf_bfi.vhd" is not available
Error (204009): Can't generate netlist output files because the license for encrypted file "/homes/user/stud/fall21/mhr2154/Documents/fft_sim/nco/synthesis/submodules/asj_nco_as_m_cen.v" is not available
Error (204009): Can't generate netlist output files because the license for encrypted file "/homes/user/stud/fall21/mhr2154/Documents/fft_sim/nco/synthesis/submodules/asj_nco_apr_dxx.v" is not available
Error (204009): Can't generate netlist output files because the license for encrypted file "/homes/user/stud/fall21/mhr2154/Documents/fft_sim/fft/synthesis/submodules/altera_fft_single_port_rom.vhd" is not available
Error (204009): Can't generate netlist output files because the license for encrypted file "/homes/user/stud/fall21/mhr2154/Documents/fft_sim/fft/synthesis/submodules/auk_dspip_bit_reverse_addr_control.vhd" is not available
Error (204009): Can't generate netlist output files because the license for encrypted file "/homes/user/stud/fall21/mhr2154/Documents/fft_sim/fft/synthesis/submodules/auk_dspip_avalon_streaming_block_sink.vhd" is not available
Error: Quartus Prime EDA Netlist Writer was unsuccessful. 180 errors, 1 warning
    Error: Peak virtual memory: 959 megabytes
    Error: Processing ended: Tue May  7 21:45:00 2024
    Error: Elapsed time: 00:00:06
    Error: Total CPU time (on all processors): 00:00:05


